✅ 纯文本思想摘要：reports\generated\thought_2026_20260708_summary.md

日期：2026-07-08 | 年份：2026
所有导出均围绕「思想理解」设计，可直接用于笔记、Anki、打印存档。
